ARM GAS  C:\Users\32698\AppData\Local\Temp\cck7QyKr.s 			page 1


   1              		.cpu cortex-m3
   2              		.arch armv7-m
   3              		.fpu softvfp
   4              		.eabi_attribute 20, 1
   5              		.eabi_attribute 21, 1
   6              		.eabi_attribute 23, 3
   7              		.eabi_attribute 24, 1
   8              		.eabi_attribute 25, 1
   9              		.eabi_attribute 26, 1
  10              		.eabi_attribute 30, 1
  11              		.eabi_attribute 34, 1
  12              		.eabi_attribute 18, 4
  13              		.file	"tim.c"
  14              		.text
  15              	.Ltext0:
  16              		.cfi_sections	.debug_frame
  17              		.file 1 "Src/tim.c"
  18              		.section	.text.MX_TIM3_Init,"ax",%progbits
  19              		.align	1
  20              		.global	MX_TIM3_Init
  21              		.syntax unified
  22              		.thumb
  23              		.thumb_func
  25              	MX_TIM3_Init:
  26              	.LFB66:
   1:Src/tim.c     **** /* USER CODE BEGIN Header */
   2:Src/tim.c     **** /**
   3:Src/tim.c     ****   ******************************************************************************
   4:Src/tim.c     ****   * @file    tim.c
   5:Src/tim.c     ****   * @brief   This file provides code for the configuration
   6:Src/tim.c     ****   *          of the TIM instances.
   7:Src/tim.c     ****   ******************************************************************************
   8:Src/tim.c     ****   * @attention
   9:Src/tim.c     ****   *
  10:Src/tim.c     ****   * Copyright (c) 2025 STMicroelectronics.
  11:Src/tim.c     ****   * All rights reserved.
  12:Src/tim.c     ****   *
  13:Src/tim.c     ****   * This software is licensed under terms that can be found in the LICENSE file
  14:Src/tim.c     ****   * in the root directory of this software component.
  15:Src/tim.c     ****   * If no LICENSE file comes with this software, it is provided AS-IS.
  16:Src/tim.c     ****   *
  17:Src/tim.c     ****   ******************************************************************************
  18:Src/tim.c     ****   */
  19:Src/tim.c     **** /* USER CODE END Header */
  20:Src/tim.c     **** /* Includes ------------------------------------------------------------------*/
  21:Src/tim.c     **** #include "tim.h"
  22:Src/tim.c     **** 
  23:Src/tim.c     **** /* USER CODE BEGIN 0 */
  24:Src/tim.c     **** 
  25:Src/tim.c     **** /* USER CODE END 0 */
  26:Src/tim.c     **** 
  27:Src/tim.c     **** TIM_HandleTypeDef htim2;
  28:Src/tim.c     **** TIM_HandleTypeDef htim3;
  29:Src/tim.c     **** 
  30:Src/tim.c     **** /* TIM2 init function */
  31:Src/tim.c     **** void MX_TIM2_Init(void)
  32:Src/tim.c     **** {
ARM GAS  C:\Users\32698\AppData\Local\Temp\cck7QyKr.s 			page 2


  33:Src/tim.c     **** 
  34:Src/tim.c     ****   /* USER CODE BEGIN TIM2_Init 0 */
  35:Src/tim.c     **** 
  36:Src/tim.c     ****   /* USER CODE END TIM2_Init 0 */
  37:Src/tim.c     **** 
  38:Src/tim.c     ****   TIM_ClockConfigTypeDef sClockSourceConfig = {0};
  39:Src/tim.c     ****   TIM_MasterConfigTypeDef sMasterConfig = {0};
  40:Src/tim.c     ****   TIM_OC_InitTypeDef sConfigOC = {0};
  41:Src/tim.c     **** 
  42:Src/tim.c     ****   /* USER CODE BEGIN TIM2_Init 1 */
  43:Src/tim.c     **** 
  44:Src/tim.c     ****   /* USER CODE END TIM2_Init 1 */
  45:Src/tim.c     ****   htim2.Instance = TIM2;
  46:Src/tim.c     ****   htim2.Init.Prescaler = 35;
  47:Src/tim.c     ****   htim2.Init.CounterMode = TIM_COUNTERMODE_UP;
  48:Src/tim.c     ****   htim2.Init.Period = 19999;
  49:Src/tim.c     ****   htim2.Init.ClockDivision = TIM_CLOCKDIVISION_DIV1;
  50:Src/tim.c     ****   htim2.Init.AutoReloadPreload = TIM_AUTORELOAD_PRELOAD_DISABLE;
  51:Src/tim.c     ****   if (HAL_TIM_Base_Init(&htim2) != HAL_OK)
  52:Src/tim.c     ****   {
  53:Src/tim.c     ****     Error_Handler();
  54:Src/tim.c     ****   }
  55:Src/tim.c     ****   sClockSourceConfig.ClockSource = TIM_CLOCKSOURCE_INTERNAL;
  56:Src/tim.c     ****   if (HAL_TIM_ConfigClockSource(&htim2, &sClockSourceConfig) != HAL_OK)
  57:Src/tim.c     ****   {
  58:Src/tim.c     ****     Error_Handler();
  59:Src/tim.c     ****   }
  60:Src/tim.c     ****   if (HAL_TIM_PWM_Init(&htim2) != HAL_OK)
  61:Src/tim.c     ****   {
  62:Src/tim.c     ****     Error_Handler();
  63:Src/tim.c     ****   }
  64:Src/tim.c     ****   sMasterConfig.MasterOutputTrigger = TIM_TRGO_RESET;
  65:Src/tim.c     ****   sMasterConfig.MasterSlaveMode = TIM_MASTERSLAVEMODE_DISABLE;
  66:Src/tim.c     ****   if (HAL_TIMEx_MasterConfigSynchronization(&htim2, &sMasterConfig) != HAL_OK)
  67:Src/tim.c     ****   {
  68:Src/tim.c     ****     Error_Handler();
  69:Src/tim.c     ****   }
  70:Src/tim.c     ****   sConfigOC.OCMode = TIM_OCMODE_PWM1;
  71:Src/tim.c     ****   sConfigOC.Pulse = 0;
  72:Src/tim.c     ****   sConfigOC.OCPolarity = TIM_OCPOLARITY_HIGH;
  73:Src/tim.c     ****   sConfigOC.OCFastMode = TIM_OCFAST_DISABLE;
  74:Src/tim.c     ****   if (HAL_TIM_PWM_ConfigChannel(&htim2, &sConfigOC, TIM_CHANNEL_1) != HAL_OK)
  75:Src/tim.c     ****   {
  76:Src/tim.c     ****     Error_Handler();
  77:Src/tim.c     ****   }
  78:Src/tim.c     ****   /* USER CODE BEGIN TIM2_Init 2 */
  79:Src/tim.c     **** 
  80:Src/tim.c     ****   /* USER CODE END TIM2_Init 2 */
  81:Src/tim.c     ****   HAL_TIM_MspPostInit(&htim2);
  82:Src/tim.c     **** 
  83:Src/tim.c     **** }
  84:Src/tim.c     **** /* TIM3 init function */
  85:Src/tim.c     **** void MX_TIM3_Init(void)
  86:Src/tim.c     **** {
  27              		.loc 1 86 1 view -0
  28              		.cfi_startproc
  29              		@ args = 0, pretend = 0, frame = 24
ARM GAS  C:\Users\32698\AppData\Local\Temp\cck7QyKr.s 			page 3


  30              		@ frame_needed = 0, uses_anonymous_args = 0
  31 0000 00B5     		push	{lr}
  32              	.LCFI0:
  33              		.cfi_def_cfa_offset 4
  34              		.cfi_offset 14, -4
  35 0002 87B0     		sub	sp, sp, #28
  36              	.LCFI1:
  37              		.cfi_def_cfa_offset 32
  87:Src/tim.c     **** 
  88:Src/tim.c     ****   /* USER CODE BEGIN TIM3_Init 0 */
  89:Src/tim.c     **** 
  90:Src/tim.c     ****   /* USER CODE END TIM3_Init 0 */
  91:Src/tim.c     **** 
  92:Src/tim.c     ****   TIM_ClockConfigTypeDef sClockSourceConfig = {0};
  38              		.loc 1 92 3 view .LVU1
  39              		.loc 1 92 26 is_stmt 0 view .LVU2
  40 0004 0023     		movs	r3, #0
  41 0006 0293     		str	r3, [sp, #8]
  42 0008 0393     		str	r3, [sp, #12]
  43 000a 0493     		str	r3, [sp, #16]
  44 000c 0593     		str	r3, [sp, #20]
  93:Src/tim.c     ****   TIM_MasterConfigTypeDef sMasterConfig = {0};
  45              		.loc 1 93 3 is_stmt 1 view .LVU3
  46              		.loc 1 93 27 is_stmt 0 view .LVU4
  47 000e 0093     		str	r3, [sp]
  48 0010 0193     		str	r3, [sp, #4]
  94:Src/tim.c     **** 
  95:Src/tim.c     ****   /* USER CODE BEGIN TIM3_Init 1 */
  96:Src/tim.c     **** 
  97:Src/tim.c     ****   /* USER CODE END TIM3_Init 1 */
  98:Src/tim.c     ****   htim3.Instance = TIM3;
  49              		.loc 1 98 3 is_stmt 1 view .LVU5
  50              		.loc 1 98 18 is_stmt 0 view .LVU6
  51 0012 1548     		ldr	r0, .L9
  52 0014 154A     		ldr	r2, .L9+4
  53 0016 0260     		str	r2, [r0]
  99:Src/tim.c     ****   htim3.Init.Prescaler = 71;
  54              		.loc 1 99 3 is_stmt 1 view .LVU7
  55              		.loc 1 99 24 is_stmt 0 view .LVU8
  56 0018 4722     		movs	r2, #71
  57 001a 4260     		str	r2, [r0, #4]
 100:Src/tim.c     ****   htim3.Init.CounterMode = TIM_COUNTERMODE_UP;
  58              		.loc 1 100 3 is_stmt 1 view .LVU9
  59              		.loc 1 100 26 is_stmt 0 view .LVU10
  60 001c 8360     		str	r3, [r0, #8]
 101:Src/tim.c     ****   htim3.Init.Period = 9999;
  61              		.loc 1 101 3 is_stmt 1 view .LVU11
  62              		.loc 1 101 21 is_stmt 0 view .LVU12
  63 001e 42F20F72 		movw	r2, #9999
  64 0022 C260     		str	r2, [r0, #12]
 102:Src/tim.c     ****   htim3.Init.ClockDivision = TIM_CLOCKDIVISION_DIV1;
  65              		.loc 1 102 3 is_stmt 1 view .LVU13
  66              		.loc 1 102 28 is_stmt 0 view .LVU14
  67 0024 0361     		str	r3, [r0, #16]
 103:Src/tim.c     ****   htim3.Init.AutoReloadPreload = TIM_AUTORELOAD_PRELOAD_DISABLE;
  68              		.loc 1 103 3 is_stmt 1 view .LVU15
  69              		.loc 1 103 32 is_stmt 0 view .LVU16
ARM GAS  C:\Users\32698\AppData\Local\Temp\cck7QyKr.s 			page 4


  70 0026 8361     		str	r3, [r0, #24]
 104:Src/tim.c     ****   if (HAL_TIM_Base_Init(&htim3) != HAL_OK)
  71              		.loc 1 104 3 is_stmt 1 view .LVU17
  72              		.loc 1 104 7 is_stmt 0 view .LVU18
  73 0028 FFF7FEFF 		bl	HAL_TIM_Base_Init
  74              	.LVL0:
  75              		.loc 1 104 6 discriminator 1 view .LVU19
  76 002c 90B9     		cbnz	r0, .L6
  77              	.L2:
 105:Src/tim.c     ****   {
 106:Src/tim.c     ****     Error_Handler();
 107:Src/tim.c     ****   }
 108:Src/tim.c     ****   sClockSourceConfig.ClockSource = TIM_CLOCKSOURCE_INTERNAL;
  78              		.loc 1 108 3 is_stmt 1 view .LVU20
  79              		.loc 1 108 34 is_stmt 0 view .LVU21
  80 002e 4FF48053 		mov	r3, #4096
  81 0032 0293     		str	r3, [sp, #8]
 109:Src/tim.c     ****   if (HAL_TIM_ConfigClockSource(&htim3, &sClockSourceConfig) != HAL_OK)
  82              		.loc 1 109 3 is_stmt 1 view .LVU22
  83              		.loc 1 109 7 is_stmt 0 view .LVU23
  84 0034 02A9     		add	r1, sp, #8
  85 0036 0C48     		ldr	r0, .L9
  86 0038 FFF7FEFF 		bl	HAL_TIM_ConfigClockSource
  87              	.LVL1:
  88              		.loc 1 109 6 discriminator 1 view .LVU24
  89 003c 68B9     		cbnz	r0, .L7
  90              	.L3:
 110:Src/tim.c     ****   {
 111:Src/tim.c     ****     Error_Handler();
 112:Src/tim.c     ****   }
 113:Src/tim.c     ****   sMasterConfig.MasterOutputTrigger = TIM_TRGO_RESET;
  91              		.loc 1 113 3 is_stmt 1 view .LVU25
  92              		.loc 1 113 37 is_stmt 0 view .LVU26
  93 003e 0023     		movs	r3, #0
  94 0040 0093     		str	r3, [sp]
 114:Src/tim.c     ****   sMasterConfig.MasterSlaveMode = TIM_MASTERSLAVEMODE_DISABLE;
  95              		.loc 1 114 3 is_stmt 1 view .LVU27
  96              		.loc 1 114 33 is_stmt 0 view .LVU28
  97 0042 0193     		str	r3, [sp, #4]
 115:Src/tim.c     ****   if (HAL_TIMEx_MasterConfigSynchronization(&htim3, &sMasterConfig) != HAL_OK)
  98              		.loc 1 115 3 is_stmt 1 view .LVU29
  99              		.loc 1 115 7 is_stmt 0 view .LVU30
 100 0044 6946     		mov	r1, sp
 101 0046 0848     		ldr	r0, .L9
 102 0048 FFF7FEFF 		bl	HAL_TIMEx_MasterConfigSynchronization
 103              	.LVL2:
 104              		.loc 1 115 6 discriminator 1 view .LVU31
 105 004c 40B9     		cbnz	r0, .L8
 106              	.L1:
 116:Src/tim.c     ****   {
 117:Src/tim.c     ****     Error_Handler();
 118:Src/tim.c     ****   }
 119:Src/tim.c     ****   /* USER CODE BEGIN TIM3_Init 2 */
 120:Src/tim.c     **** 
 121:Src/tim.c     ****   /* USER CODE END TIM3_Init 2 */
 122:Src/tim.c     **** 
 123:Src/tim.c     **** }
ARM GAS  C:\Users\32698\AppData\Local\Temp\cck7QyKr.s 			page 5


 107              		.loc 1 123 1 view .LVU32
 108 004e 07B0     		add	sp, sp, #28
 109              	.LCFI2:
 110              		.cfi_remember_state
 111              		.cfi_def_cfa_offset 4
 112              		@ sp needed
 113 0050 5DF804FB 		ldr	pc, [sp], #4
 114              	.L6:
 115              	.LCFI3:
 116              		.cfi_restore_state
 106:Src/tim.c     ****   }
 117              		.loc 1 106 5 is_stmt 1 view .LVU33
 118 0054 FFF7FEFF 		bl	Error_Handler
 119              	.LVL3:
 120 0058 E9E7     		b	.L2
 121              	.L7:
 111:Src/tim.c     ****   }
 122              		.loc 1 111 5 view .LVU34
 123 005a FFF7FEFF 		bl	Error_Handler
 124              	.LVL4:
 125 005e EEE7     		b	.L3
 126              	.L8:
 117:Src/tim.c     ****   }
 127              		.loc 1 117 5 view .LVU35
 128 0060 FFF7FEFF 		bl	Error_Handler
 129              	.LVL5:
 130              		.loc 1 123 1 is_stmt 0 view .LVU36
 131 0064 F3E7     		b	.L1
 132              	.L10:
 133 0066 00BF     		.align	2
 134              	.L9:
 135 0068 00000000 		.word	htim3
 136 006c 00040040 		.word	1073742848
 137              		.cfi_endproc
 138              	.LFE66:
 140              		.section	.text.HAL_TIM_Base_MspInit,"ax",%progbits
 141              		.align	1
 142              		.global	HAL_TIM_Base_MspInit
 143              		.syntax unified
 144              		.thumb
 145              		.thumb_func
 147              	HAL_TIM_Base_MspInit:
 148              	.LVL6:
 149              	.LFB67:
 124:Src/tim.c     **** 
 125:Src/tim.c     **** void HAL_TIM_Base_MspInit(TIM_HandleTypeDef* tim_baseHandle)
 126:Src/tim.c     **** {
 150              		.loc 1 126 1 is_stmt 1 view -0
 151              		.cfi_startproc
 152              		@ args = 0, pretend = 0, frame = 8
 153              		@ frame_needed = 0, uses_anonymous_args = 0
 154              		.loc 1 126 1 is_stmt 0 view .LVU38
 155 0000 00B5     		push	{lr}
 156              	.LCFI4:
 157              		.cfi_def_cfa_offset 4
 158              		.cfi_offset 14, -4
 159 0002 83B0     		sub	sp, sp, #12
ARM GAS  C:\Users\32698\AppData\Local\Temp\cck7QyKr.s 			page 6


 160              	.LCFI5:
 161              		.cfi_def_cfa_offset 16
 127:Src/tim.c     **** 
 128:Src/tim.c     ****   if(tim_baseHandle->Instance==TIM2)
 162              		.loc 1 128 3 is_stmt 1 view .LVU39
 163              		.loc 1 128 20 is_stmt 0 view .LVU40
 164 0004 0368     		ldr	r3, [r0]
 165              		.loc 1 128 5 view .LVU41
 166 0006 B3F1804F 		cmp	r3, #1073741824
 167 000a 05D0     		beq	.L15
 129:Src/tim.c     ****   {
 130:Src/tim.c     ****   /* USER CODE BEGIN TIM2_MspInit 0 */
 131:Src/tim.c     **** 
 132:Src/tim.c     ****   /* USER CODE END TIM2_MspInit 0 */
 133:Src/tim.c     ****     /* TIM2 clock enable */
 134:Src/tim.c     ****     __HAL_RCC_TIM2_CLK_ENABLE();
 135:Src/tim.c     **** 
 136:Src/tim.c     ****     /* TIM2 interrupt Init */
 137:Src/tim.c     ****     HAL_NVIC_SetPriority(TIM2_IRQn, 0, 0);
 138:Src/tim.c     ****     HAL_NVIC_EnableIRQ(TIM2_IRQn);
 139:Src/tim.c     ****   /* USER CODE BEGIN TIM2_MspInit 1 */
 140:Src/tim.c     **** 
 141:Src/tim.c     ****   /* USER CODE END TIM2_MspInit 1 */
 142:Src/tim.c     ****   }
 143:Src/tim.c     ****   else if(tim_baseHandle->Instance==TIM3)
 168              		.loc 1 143 8 is_stmt 1 view .LVU42
 169              		.loc 1 143 10 is_stmt 0 view .LVU43
 170 000c 164A     		ldr	r2, .L17
 171 000e 9342     		cmp	r3, r2
 172 0010 16D0     		beq	.L16
 173              	.LVL7:
 174              	.L11:
 144:Src/tim.c     ****   {
 145:Src/tim.c     ****   /* USER CODE BEGIN TIM3_MspInit 0 */
 146:Src/tim.c     **** 
 147:Src/tim.c     ****   /* USER CODE END TIM3_MspInit 0 */
 148:Src/tim.c     ****     /* TIM3 clock enable */
 149:Src/tim.c     ****     __HAL_RCC_TIM3_CLK_ENABLE();
 150:Src/tim.c     **** 
 151:Src/tim.c     ****     /* TIM3 interrupt Init */
 152:Src/tim.c     ****     HAL_NVIC_SetPriority(TIM3_IRQn, 0, 0);
 153:Src/tim.c     ****     HAL_NVIC_EnableIRQ(TIM3_IRQn);
 154:Src/tim.c     ****   /* USER CODE BEGIN TIM3_MspInit 1 */
 155:Src/tim.c     **** 
 156:Src/tim.c     ****   /* USER CODE END TIM3_MspInit 1 */
 157:Src/tim.c     ****   }
 158:Src/tim.c     **** }
 175              		.loc 1 158 1 view .LVU44
 176 0012 03B0     		add	sp, sp, #12
 177              	.LCFI6:
 178              		.cfi_remember_state
 179              		.cfi_def_cfa_offset 4
 180              		@ sp needed
 181 0014 5DF804FB 		ldr	pc, [sp], #4
 182              	.LVL8:
 183              	.L15:
 184              	.LCFI7:
ARM GAS  C:\Users\32698\AppData\Local\Temp\cck7QyKr.s 			page 7


 185              		.cfi_restore_state
 134:Src/tim.c     **** 
 186              		.loc 1 134 5 is_stmt 1 view .LVU45
 187              	.LBB2:
 134:Src/tim.c     **** 
 188              		.loc 1 134 5 view .LVU46
 134:Src/tim.c     **** 
 189              		.loc 1 134 5 view .LVU47
 190 0018 03F50433 		add	r3, r3, #135168
 191 001c DA69     		ldr	r2, [r3, #28]
 192 001e 42F00102 		orr	r2, r2, #1
 193 0022 DA61     		str	r2, [r3, #28]
 134:Src/tim.c     **** 
 194              		.loc 1 134 5 view .LVU48
 195 0024 DB69     		ldr	r3, [r3, #28]
 196 0026 03F00103 		and	r3, r3, #1
 197 002a 0093     		str	r3, [sp]
 134:Src/tim.c     **** 
 198              		.loc 1 134 5 view .LVU49
 199 002c 009B     		ldr	r3, [sp]
 200              	.LBE2:
 134:Src/tim.c     **** 
 201              		.loc 1 134 5 view .LVU50
 137:Src/tim.c     ****     HAL_NVIC_EnableIRQ(TIM2_IRQn);
 202              		.loc 1 137 5 view .LVU51
 203 002e 0022     		movs	r2, #0
 204 0030 1146     		mov	r1, r2
 205 0032 1C20     		movs	r0, #28
 206              	.LVL9:
 137:Src/tim.c     ****     HAL_NVIC_EnableIRQ(TIM2_IRQn);
 207              		.loc 1 137 5 is_stmt 0 view .LVU52
 208 0034 FFF7FEFF 		bl	HAL_NVIC_SetPriority
 209              	.LVL10:
 138:Src/tim.c     ****   /* USER CODE BEGIN TIM2_MspInit 1 */
 210              		.loc 1 138 5 is_stmt 1 view .LVU53
 211 0038 1C20     		movs	r0, #28
 212 003a FFF7FEFF 		bl	HAL_NVIC_EnableIRQ
 213              	.LVL11:
 214 003e E8E7     		b	.L11
 215              	.LVL12:
 216              	.L16:
 149:Src/tim.c     **** 
 217              		.loc 1 149 5 view .LVU54
 218              	.LBB3:
 149:Src/tim.c     **** 
 219              		.loc 1 149 5 view .LVU55
 149:Src/tim.c     **** 
 220              		.loc 1 149 5 view .LVU56
 221 0040 0A4B     		ldr	r3, .L17+4
 222 0042 DA69     		ldr	r2, [r3, #28]
 223 0044 42F00202 		orr	r2, r2, #2
 224 0048 DA61     		str	r2, [r3, #28]
 149:Src/tim.c     **** 
 225              		.loc 1 149 5 view .LVU57
 226 004a DB69     		ldr	r3, [r3, #28]
 227 004c 03F00203 		and	r3, r3, #2
 228 0050 0193     		str	r3, [sp, #4]
ARM GAS  C:\Users\32698\AppData\Local\Temp\cck7QyKr.s 			page 8


 149:Src/tim.c     **** 
 229              		.loc 1 149 5 view .LVU58
 230 0052 019B     		ldr	r3, [sp, #4]
 231              	.LBE3:
 149:Src/tim.c     **** 
 232              		.loc 1 149 5 view .LVU59
 152:Src/tim.c     ****     HAL_NVIC_EnableIRQ(TIM3_IRQn);
 233              		.loc 1 152 5 view .LVU60
 234 0054 0022     		movs	r2, #0
 235 0056 1146     		mov	r1, r2
 236 0058 1D20     		movs	r0, #29
 237              	.LVL13:
 152:Src/tim.c     ****     HAL_NVIC_EnableIRQ(TIM3_IRQn);
 238              		.loc 1 152 5 is_stmt 0 view .LVU61
 239 005a FFF7FEFF 		bl	HAL_NVIC_SetPriority
 240              	.LVL14:
 153:Src/tim.c     ****   /* USER CODE BEGIN TIM3_MspInit 1 */
 241              		.loc 1 153 5 is_stmt 1 view .LVU62
 242 005e 1D20     		movs	r0, #29
 243 0060 FFF7FEFF 		bl	HAL_NVIC_EnableIRQ
 244              	.LVL15:
 245              		.loc 1 158 1 is_stmt 0 view .LVU63
 246 0064 D5E7     		b	.L11
 247              	.L18:
 248 0066 00BF     		.align	2
 249              	.L17:
 250 0068 00040040 		.word	1073742848
 251 006c 00100240 		.word	1073876992
 252              		.cfi_endproc
 253              	.LFE67:
 255              		.section	.text.HAL_TIM_MspPostInit,"ax",%progbits
 256              		.align	1
 257              		.global	HAL_TIM_MspPostInit
 258              		.syntax unified
 259              		.thumb
 260              		.thumb_func
 262              	HAL_TIM_MspPostInit:
 263              	.LVL16:
 264              	.LFB68:
 159:Src/tim.c     **** void HAL_TIM_MspPostInit(TIM_HandleTypeDef* timHandle)
 160:Src/tim.c     **** {
 265              		.loc 1 160 1 is_stmt 1 view -0
 266              		.cfi_startproc
 267              		@ args = 0, pretend = 0, frame = 24
 268              		@ frame_needed = 0, uses_anonymous_args = 0
 269              		.loc 1 160 1 is_stmt 0 view .LVU65
 270 0000 00B5     		push	{lr}
 271              	.LCFI8:
 272              		.cfi_def_cfa_offset 4
 273              		.cfi_offset 14, -4
 274 0002 87B0     		sub	sp, sp, #28
 275              	.LCFI9:
 276              		.cfi_def_cfa_offset 32
 161:Src/tim.c     **** 
 162:Src/tim.c     ****   GPIO_InitTypeDef GPIO_InitStruct = {0};
 277              		.loc 1 162 3 is_stmt 1 view .LVU66
 278              		.loc 1 162 20 is_stmt 0 view .LVU67
ARM GAS  C:\Users\32698\AppData\Local\Temp\cck7QyKr.s 			page 9


 279 0004 0023     		movs	r3, #0
 280 0006 0293     		str	r3, [sp, #8]
 281 0008 0393     		str	r3, [sp, #12]
 282 000a 0493     		str	r3, [sp, #16]
 283 000c 0593     		str	r3, [sp, #20]
 163:Src/tim.c     ****   if(timHandle->Instance==TIM2)
 284              		.loc 1 163 3 is_stmt 1 view .LVU68
 285              		.loc 1 163 15 is_stmt 0 view .LVU69
 286 000e 0368     		ldr	r3, [r0]
 287              		.loc 1 163 5 view .LVU70
 288 0010 B3F1804F 		cmp	r3, #1073741824
 289 0014 02D0     		beq	.L22
 290              	.LVL17:
 291              	.L19:
 164:Src/tim.c     ****   {
 165:Src/tim.c     ****   /* USER CODE BEGIN TIM2_MspPostInit 0 */
 166:Src/tim.c     **** 
 167:Src/tim.c     ****   /* USER CODE END TIM2_MspPostInit 0 */
 168:Src/tim.c     **** 
 169:Src/tim.c     ****     __HAL_RCC_GPIOA_CLK_ENABLE();
 170:Src/tim.c     ****     /**TIM2 GPIO Configuration
 171:Src/tim.c     ****     PA0-WKUP     ------> TIM2_CH1
 172:Src/tim.c     ****     */
 173:Src/tim.c     ****     GPIO_InitStruct.Pin = GPIO_PIN_0;
 174:Src/tim.c     ****     GPIO_InitStruct.Mode = GPIO_MODE_AF_PP;
 175:Src/tim.c     ****     GPIO_InitStruct.Speed = GPIO_SPEED_FREQ_LOW;
 176:Src/tim.c     ****     HAL_GPIO_Init(GPIOA, &GPIO_InitStruct);
 177:Src/tim.c     **** 
 178:Src/tim.c     ****   /* USER CODE BEGIN TIM2_MspPostInit 1 */
 179:Src/tim.c     **** 
 180:Src/tim.c     ****   /* USER CODE END TIM2_MspPostInit 1 */
 181:Src/tim.c     ****   }
 182:Src/tim.c     **** 
 183:Src/tim.c     **** }
 292              		.loc 1 183 1 view .LVU71
 293 0016 07B0     		add	sp, sp, #28
 294              	.LCFI10:
 295              		.cfi_remember_state
 296              		.cfi_def_cfa_offset 4
 297              		@ sp needed
 298 0018 5DF804FB 		ldr	pc, [sp], #4
 299              	.LVL18:
 300              	.L22:
 301              	.LCFI11:
 302              		.cfi_restore_state
 169:Src/tim.c     ****     /**TIM2 GPIO Configuration
 303              		.loc 1 169 5 is_stmt 1 view .LVU72
 304              	.LBB4:
 169:Src/tim.c     ****     /**TIM2 GPIO Configuration
 305              		.loc 1 169 5 view .LVU73
 169:Src/tim.c     ****     /**TIM2 GPIO Configuration
 306              		.loc 1 169 5 view .LVU74
 307 001c 03F50433 		add	r3, r3, #135168
 308 0020 9A69     		ldr	r2, [r3, #24]
 309 0022 42F00402 		orr	r2, r2, #4
 310 0026 9A61     		str	r2, [r3, #24]
 169:Src/tim.c     ****     /**TIM2 GPIO Configuration
ARM GAS  C:\Users\32698\AppData\Local\Temp\cck7QyKr.s 			page 10


 311              		.loc 1 169 5 view .LVU75
 312 0028 9B69     		ldr	r3, [r3, #24]
 313 002a 03F00403 		and	r3, r3, #4
 314 002e 0193     		str	r3, [sp, #4]
 169:Src/tim.c     ****     /**TIM2 GPIO Configuration
 315              		.loc 1 169 5 view .LVU76
 316 0030 019B     		ldr	r3, [sp, #4]
 317              	.LBE4:
 169:Src/tim.c     ****     /**TIM2 GPIO Configuration
 318              		.loc 1 169 5 view .LVU77
 173:Src/tim.c     ****     GPIO_InitStruct.Mode = GPIO_MODE_AF_PP;
 319              		.loc 1 173 5 view .LVU78
 173:Src/tim.c     ****     GPIO_InitStruct.Mode = GPIO_MODE_AF_PP;
 320              		.loc 1 173 25 is_stmt 0 view .LVU79
 321 0032 0123     		movs	r3, #1
 322 0034 0293     		str	r3, [sp, #8]
 174:Src/tim.c     ****     GPIO_InitStruct.Speed = GPIO_SPEED_FREQ_LOW;
 323              		.loc 1 174 5 is_stmt 1 view .LVU80
 174:Src/tim.c     ****     GPIO_InitStruct.Speed = GPIO_SPEED_FREQ_LOW;
 324              		.loc 1 174 26 is_stmt 0 view .LVU81
 325 0036 0223     		movs	r3, #2
 326 0038 0393     		str	r3, [sp, #12]
 175:Src/tim.c     ****     HAL_GPIO_Init(GPIOA, &GPIO_InitStruct);
 327              		.loc 1 175 5 is_stmt 1 view .LVU82
 175:Src/tim.c     ****     HAL_GPIO_Init(GPIOA, &GPIO_InitStruct);
 328              		.loc 1 175 27 is_stmt 0 view .LVU83
 329 003a 0593     		str	r3, [sp, #20]
 176:Src/tim.c     **** 
 330              		.loc 1 176 5 is_stmt 1 view .LVU84
 331 003c 02A9     		add	r1, sp, #8
 332 003e 0248     		ldr	r0, .L23
 333              	.LVL19:
 176:Src/tim.c     **** 
 334              		.loc 1 176 5 is_stmt 0 view .LVU85
 335 0040 FFF7FEFF 		bl	HAL_GPIO_Init
 336              	.LVL20:
 337              		.loc 1 183 1 view .LVU86
 338 0044 E7E7     		b	.L19
 339              	.L24:
 340 0046 00BF     		.align	2
 341              	.L23:
 342 0048 00080140 		.word	1073809408
 343              		.cfi_endproc
 344              	.LFE68:
 346              		.section	.text.MX_TIM2_Init,"ax",%progbits
 347              		.align	1
 348              		.global	MX_TIM2_Init
 349              		.syntax unified
 350              		.thumb
 351              		.thumb_func
 353              	MX_TIM2_Init:
 354              	.LFB65:
  32:Src/tim.c     **** 
 355              		.loc 1 32 1 is_stmt 1 view -0
 356              		.cfi_startproc
 357              		@ args = 0, pretend = 0, frame = 56
 358              		@ frame_needed = 0, uses_anonymous_args = 0
ARM GAS  C:\Users\32698\AppData\Local\Temp\cck7QyKr.s 			page 11


 359 0000 00B5     		push	{lr}
 360              	.LCFI12:
 361              		.cfi_def_cfa_offset 4
 362              		.cfi_offset 14, -4
 363 0002 8FB0     		sub	sp, sp, #60
 364              	.LCFI13:
 365              		.cfi_def_cfa_offset 64
  38:Src/tim.c     ****   TIM_MasterConfigTypeDef sMasterConfig = {0};
 366              		.loc 1 38 3 view .LVU88
  38:Src/tim.c     ****   TIM_MasterConfigTypeDef sMasterConfig = {0};
 367              		.loc 1 38 26 is_stmt 0 view .LVU89
 368 0004 0023     		movs	r3, #0
 369 0006 0A93     		str	r3, [sp, #40]
 370 0008 0B93     		str	r3, [sp, #44]
 371 000a 0C93     		str	r3, [sp, #48]
 372 000c 0D93     		str	r3, [sp, #52]
  39:Src/tim.c     ****   TIM_OC_InitTypeDef sConfigOC = {0};
 373              		.loc 1 39 3 is_stmt 1 view .LVU90
  39:Src/tim.c     ****   TIM_OC_InitTypeDef sConfigOC = {0};
 374              		.loc 1 39 27 is_stmt 0 view .LVU91
 375 000e 0893     		str	r3, [sp, #32]
 376 0010 0993     		str	r3, [sp, #36]
  40:Src/tim.c     **** 
 377              		.loc 1 40 3 is_stmt 1 view .LVU92
  40:Src/tim.c     **** 
 378              		.loc 1 40 22 is_stmt 0 view .LVU93
 379 0012 0193     		str	r3, [sp, #4]
 380 0014 0293     		str	r3, [sp, #8]
 381 0016 0393     		str	r3, [sp, #12]
 382 0018 0493     		str	r3, [sp, #16]
 383 001a 0593     		str	r3, [sp, #20]
 384 001c 0693     		str	r3, [sp, #24]
 385 001e 0793     		str	r3, [sp, #28]
  45:Src/tim.c     ****   htim2.Init.Prescaler = 35;
 386              		.loc 1 45 3 is_stmt 1 view .LVU94
  45:Src/tim.c     ****   htim2.Init.Prescaler = 35;
 387              		.loc 1 45 18 is_stmt 0 view .LVU95
 388 0020 2148     		ldr	r0, .L37
 389 0022 4FF08042 		mov	r2, #1073741824
 390 0026 0260     		str	r2, [r0]
  46:Src/tim.c     ****   htim2.Init.CounterMode = TIM_COUNTERMODE_UP;
 391              		.loc 1 46 3 is_stmt 1 view .LVU96
  46:Src/tim.c     ****   htim2.Init.CounterMode = TIM_COUNTERMODE_UP;
 392              		.loc 1 46 24 is_stmt 0 view .LVU97
 393 0028 2322     		movs	r2, #35
 394 002a 4260     		str	r2, [r0, #4]
  47:Src/tim.c     ****   htim2.Init.Period = 19999;
 395              		.loc 1 47 3 is_stmt 1 view .LVU98
  47:Src/tim.c     ****   htim2.Init.Period = 19999;
 396              		.loc 1 47 26 is_stmt 0 view .LVU99
 397 002c 8360     		str	r3, [r0, #8]
  48:Src/tim.c     ****   htim2.Init.ClockDivision = TIM_CLOCKDIVISION_DIV1;
 398              		.loc 1 48 3 is_stmt 1 view .LVU100
  48:Src/tim.c     ****   htim2.Init.ClockDivision = TIM_CLOCKDIVISION_DIV1;
 399              		.loc 1 48 21 is_stmt 0 view .LVU101
 400 002e 44F61F62 		movw	r2, #19999
 401 0032 C260     		str	r2, [r0, #12]
ARM GAS  C:\Users\32698\AppData\Local\Temp\cck7QyKr.s 			page 12


  49:Src/tim.c     ****   htim2.Init.AutoReloadPreload = TIM_AUTORELOAD_PRELOAD_DISABLE;
 402              		.loc 1 49 3 is_stmt 1 view .LVU102
  49:Src/tim.c     ****   htim2.Init.AutoReloadPreload = TIM_AUTORELOAD_PRELOAD_DISABLE;
 403              		.loc 1 49 28 is_stmt 0 view .LVU103
 404 0034 0361     		str	r3, [r0, #16]
  50:Src/tim.c     ****   if (HAL_TIM_Base_Init(&htim2) != HAL_OK)
 405              		.loc 1 50 3 is_stmt 1 view .LVU104
  50:Src/tim.c     ****   if (HAL_TIM_Base_Init(&htim2) != HAL_OK)
 406              		.loc 1 50 32 is_stmt 0 view .LVU105
 407 0036 8361     		str	r3, [r0, #24]
  51:Src/tim.c     ****   {
 408              		.loc 1 51 3 is_stmt 1 view .LVU106
  51:Src/tim.c     ****   {
 409              		.loc 1 51 7 is_stmt 0 view .LVU107
 410 0038 FFF7FEFF 		bl	HAL_TIM_Base_Init
 411              	.LVL21:
  51:Src/tim.c     ****   {
 412              		.loc 1 51 6 discriminator 1 view .LVU108
 413 003c 20BB     		cbnz	r0, .L32
 414              	.L26:
  55:Src/tim.c     ****   if (HAL_TIM_ConfigClockSource(&htim2, &sClockSourceConfig) != HAL_OK)
 415              		.loc 1 55 3 is_stmt 1 view .LVU109
  55:Src/tim.c     ****   if (HAL_TIM_ConfigClockSource(&htim2, &sClockSourceConfig) != HAL_OK)
 416              		.loc 1 55 34 is_stmt 0 view .LVU110
 417 003e 4FF48053 		mov	r3, #4096
 418 0042 0A93     		str	r3, [sp, #40]
  56:Src/tim.c     ****   {
 419              		.loc 1 56 3 is_stmt 1 view .LVU111
  56:Src/tim.c     ****   {
 420              		.loc 1 56 7 is_stmt 0 view .LVU112
 421 0044 0AA9     		add	r1, sp, #40
 422 0046 1848     		ldr	r0, .L37
 423 0048 FFF7FEFF 		bl	HAL_TIM_ConfigClockSource
 424              	.LVL22:
  56:Src/tim.c     ****   {
 425              		.loc 1 56 6 discriminator 1 view .LVU113
 426 004c F8B9     		cbnz	r0, .L33
 427              	.L27:
  60:Src/tim.c     ****   {
 428              		.loc 1 60 3 is_stmt 1 view .LVU114
  60:Src/tim.c     ****   {
 429              		.loc 1 60 7 is_stmt 0 view .LVU115
 430 004e 1648     		ldr	r0, .L37
 431 0050 FFF7FEFF 		bl	HAL_TIM_PWM_Init
 432              	.LVL23:
  60:Src/tim.c     ****   {
 433              		.loc 1 60 6 discriminator 1 view .LVU116
 434 0054 F0B9     		cbnz	r0, .L34
 435              	.L28:
  64:Src/tim.c     ****   sMasterConfig.MasterSlaveMode = TIM_MASTERSLAVEMODE_DISABLE;
 436              		.loc 1 64 3 is_stmt 1 view .LVU117
  64:Src/tim.c     ****   sMasterConfig.MasterSlaveMode = TIM_MASTERSLAVEMODE_DISABLE;
 437              		.loc 1 64 37 is_stmt 0 view .LVU118
 438 0056 0023     		movs	r3, #0
 439 0058 0893     		str	r3, [sp, #32]
  65:Src/tim.c     ****   if (HAL_TIMEx_MasterConfigSynchronization(&htim2, &sMasterConfig) != HAL_OK)
 440              		.loc 1 65 3 is_stmt 1 view .LVU119
ARM GAS  C:\Users\32698\AppData\Local\Temp\cck7QyKr.s 			page 13


  65:Src/tim.c     ****   if (HAL_TIMEx_MasterConfigSynchronization(&htim2, &sMasterConfig) != HAL_OK)
 441              		.loc 1 65 33 is_stmt 0 view .LVU120
 442 005a 0993     		str	r3, [sp, #36]
  66:Src/tim.c     ****   {
 443              		.loc 1 66 3 is_stmt 1 view .LVU121
  66:Src/tim.c     ****   {
 444              		.loc 1 66 7 is_stmt 0 view .LVU122
 445 005c 08A9     		add	r1, sp, #32
 446 005e 1248     		ldr	r0, .L37
 447 0060 FFF7FEFF 		bl	HAL_TIMEx_MasterConfigSynchronization
 448              	.LVL24:
  66:Src/tim.c     ****   {
 449              		.loc 1 66 6 discriminator 1 view .LVU123
 450 0064 C8B9     		cbnz	r0, .L35
 451              	.L29:
  70:Src/tim.c     ****   sConfigOC.Pulse = 0;
 452              		.loc 1 70 3 is_stmt 1 view .LVU124
  70:Src/tim.c     ****   sConfigOC.Pulse = 0;
 453              		.loc 1 70 20 is_stmt 0 view .LVU125
 454 0066 6023     		movs	r3, #96
 455 0068 0193     		str	r3, [sp, #4]
  71:Src/tim.c     ****   sConfigOC.OCPolarity = TIM_OCPOLARITY_HIGH;
 456              		.loc 1 71 3 is_stmt 1 view .LVU126
  71:Src/tim.c     ****   sConfigOC.OCPolarity = TIM_OCPOLARITY_HIGH;
 457              		.loc 1 71 19 is_stmt 0 view .LVU127
 458 006a 0022     		movs	r2, #0
 459 006c 0292     		str	r2, [sp, #8]
  72:Src/tim.c     ****   sConfigOC.OCFastMode = TIM_OCFAST_DISABLE;
 460              		.loc 1 72 3 is_stmt 1 view .LVU128
  72:Src/tim.c     ****   sConfigOC.OCFastMode = TIM_OCFAST_DISABLE;
 461              		.loc 1 72 24 is_stmt 0 view .LVU129
 462 006e 0392     		str	r2, [sp, #12]
  73:Src/tim.c     ****   if (HAL_TIM_PWM_ConfigChannel(&htim2, &sConfigOC, TIM_CHANNEL_1) != HAL_OK)
 463              		.loc 1 73 3 is_stmt 1 view .LVU130
  73:Src/tim.c     ****   if (HAL_TIM_PWM_ConfigChannel(&htim2, &sConfigOC, TIM_CHANNEL_1) != HAL_OK)
 464              		.loc 1 73 24 is_stmt 0 view .LVU131
 465 0070 0592     		str	r2, [sp, #20]
  74:Src/tim.c     ****   {
 466              		.loc 1 74 3 is_stmt 1 view .LVU132
  74:Src/tim.c     ****   {
 467              		.loc 1 74 7 is_stmt 0 view .LVU133
 468 0072 01A9     		add	r1, sp, #4
 469 0074 0C48     		ldr	r0, .L37
 470 0076 FFF7FEFF 		bl	HAL_TIM_PWM_ConfigChannel
 471              	.LVL25:
  74:Src/tim.c     ****   {
 472              		.loc 1 74 6 discriminator 1 view .LVU134
 473 007a 88B9     		cbnz	r0, .L36
 474              	.L30:
  81:Src/tim.c     **** 
 475              		.loc 1 81 3 is_stmt 1 view .LVU135
 476 007c 0A48     		ldr	r0, .L37
 477 007e FFF7FEFF 		bl	HAL_TIM_MspPostInit
 478              	.LVL26:
  83:Src/tim.c     **** /* TIM3 init function */
 479              		.loc 1 83 1 is_stmt 0 view .LVU136
 480 0082 0FB0     		add	sp, sp, #60
ARM GAS  C:\Users\32698\AppData\Local\Temp\cck7QyKr.s 			page 14


 481              	.LCFI14:
 482              		.cfi_remember_state
 483              		.cfi_def_cfa_offset 4
 484              		@ sp needed
 485 0084 5DF804FB 		ldr	pc, [sp], #4
 486              	.L32:
 487              	.LCFI15:
 488              		.cfi_restore_state
  53:Src/tim.c     ****   }
 489              		.loc 1 53 5 is_stmt 1 view .LVU137
 490 0088 FFF7FEFF 		bl	Error_Handler
 491              	.LVL27:
 492 008c D7E7     		b	.L26
 493              	.L33:
  58:Src/tim.c     ****   }
 494              		.loc 1 58 5 view .LVU138
 495 008e FFF7FEFF 		bl	Error_Handler
 496              	.LVL28:
 497 0092 DCE7     		b	.L27
 498              	.L34:
  62:Src/tim.c     ****   }
 499              		.loc 1 62 5 view .LVU139
 500 0094 FFF7FEFF 		bl	Error_Handler
 501              	.LVL29:
 502 0098 DDE7     		b	.L28
 503              	.L35:
  68:Src/tim.c     ****   }
 504              		.loc 1 68 5 view .LVU140
 505 009a FFF7FEFF 		bl	Error_Handler
 506              	.LVL30:
 507 009e E2E7     		b	.L29
 508              	.L36:
  76:Src/tim.c     ****   }
 509              		.loc 1 76 5 view .LVU141
 510 00a0 FFF7FEFF 		bl	Error_Handler
 511              	.LVL31:
 512 00a4 EAE7     		b	.L30
 513              	.L38:
 514 00a6 00BF     		.align	2
 515              	.L37:
 516 00a8 00000000 		.word	htim2
 517              		.cfi_endproc
 518              	.LFE65:
 520              		.section	.text.HAL_TIM_Base_MspDeInit,"ax",%progbits
 521              		.align	1
 522              		.global	HAL_TIM_Base_MspDeInit
 523              		.syntax unified
 524              		.thumb
 525              		.thumb_func
 527              	HAL_TIM_Base_MspDeInit:
 528              	.LVL32:
 529              	.LFB69:
 184:Src/tim.c     **** 
 185:Src/tim.c     **** void HAL_TIM_Base_MspDeInit(TIM_HandleTypeDef* tim_baseHandle)
 186:Src/tim.c     **** {
 530              		.loc 1 186 1 view -0
 531              		.cfi_startproc
ARM GAS  C:\Users\32698\AppData\Local\Temp\cck7QyKr.s 			page 15


 532              		@ args = 0, pretend = 0, frame = 0
 533              		@ frame_needed = 0, uses_anonymous_args = 0
 534              		.loc 1 186 1 is_stmt 0 view .LVU143
 535 0000 08B5     		push	{r3, lr}
 536              	.LCFI16:
 537              		.cfi_def_cfa_offset 8
 538              		.cfi_offset 3, -8
 539              		.cfi_offset 14, -4
 187:Src/tim.c     **** 
 188:Src/tim.c     ****   if(tim_baseHandle->Instance==TIM2)
 540              		.loc 1 188 3 is_stmt 1 view .LVU144
 541              		.loc 1 188 20 is_stmt 0 view .LVU145
 542 0002 0368     		ldr	r3, [r0]
 543              		.loc 1 188 5 view .LVU146
 544 0004 B3F1804F 		cmp	r3, #1073741824
 545 0008 03D0     		beq	.L43
 189:Src/tim.c     ****   {
 190:Src/tim.c     ****   /* USER CODE BEGIN TIM2_MspDeInit 0 */
 191:Src/tim.c     **** 
 192:Src/tim.c     ****   /* USER CODE END TIM2_MspDeInit 0 */
 193:Src/tim.c     ****     /* Peripheral clock disable */
 194:Src/tim.c     ****     __HAL_RCC_TIM2_CLK_DISABLE();
 195:Src/tim.c     **** 
 196:Src/tim.c     ****     /* TIM2 interrupt Deinit */
 197:Src/tim.c     ****     HAL_NVIC_DisableIRQ(TIM2_IRQn);
 198:Src/tim.c     ****   /* USER CODE BEGIN TIM2_MspDeInit 1 */
 199:Src/tim.c     **** 
 200:Src/tim.c     ****   /* USER CODE END TIM2_MspDeInit 1 */
 201:Src/tim.c     ****   }
 202:Src/tim.c     ****   else if(tim_baseHandle->Instance==TIM3)
 546              		.loc 1 202 8 is_stmt 1 view .LVU147
 547              		.loc 1 202 10 is_stmt 0 view .LVU148
 548 000a 0B4A     		ldr	r2, .L45
 549 000c 9342     		cmp	r3, r2
 550 000e 09D0     		beq	.L44
 551              	.LVL33:
 552              	.L39:
 203:Src/tim.c     ****   {
 204:Src/tim.c     ****   /* USER CODE BEGIN TIM3_MspDeInit 0 */
 205:Src/tim.c     **** 
 206:Src/tim.c     ****   /* USER CODE END TIM3_MspDeInit 0 */
 207:Src/tim.c     ****     /* Peripheral clock disable */
 208:Src/tim.c     ****     __HAL_RCC_TIM3_CLK_DISABLE();
 209:Src/tim.c     **** 
 210:Src/tim.c     ****     /* TIM3 interrupt Deinit */
 211:Src/tim.c     ****     HAL_NVIC_DisableIRQ(TIM3_IRQn);
 212:Src/tim.c     ****   /* USER CODE BEGIN TIM3_MspDeInit 1 */
 213:Src/tim.c     **** 
 214:Src/tim.c     ****   /* USER CODE END TIM3_MspDeInit 1 */
 215:Src/tim.c     ****   }
 216:Src/tim.c     **** }
 553              		.loc 1 216 1 view .LVU149
 554 0010 08BD     		pop	{r3, pc}
 555              	.LVL34:
 556              	.L43:
 194:Src/tim.c     **** 
 557              		.loc 1 194 5 is_stmt 1 view .LVU150
ARM GAS  C:\Users\32698\AppData\Local\Temp\cck7QyKr.s 			page 16


 558 0012 0A4A     		ldr	r2, .L45+4
 559 0014 D369     		ldr	r3, [r2, #28]
 560 0016 23F00103 		bic	r3, r3, #1
 561 001a D361     		str	r3, [r2, #28]
 197:Src/tim.c     ****   /* USER CODE BEGIN TIM2_MspDeInit 1 */
 562              		.loc 1 197 5 view .LVU151
 563 001c 1C20     		movs	r0, #28
 564              	.LVL35:
 197:Src/tim.c     ****   /* USER CODE BEGIN TIM2_MspDeInit 1 */
 565              		.loc 1 197 5 is_stmt 0 view .LVU152
 566 001e FFF7FEFF 		bl	HAL_NVIC_DisableIRQ
 567              	.LVL36:
 568 0022 F5E7     		b	.L39
 569              	.LVL37:
 570              	.L44:
 208:Src/tim.c     **** 
 571              		.loc 1 208 5 is_stmt 1 view .LVU153
 572 0024 02F50332 		add	r2, r2, #134144
 573 0028 D369     		ldr	r3, [r2, #28]
 574 002a 23F00203 		bic	r3, r3, #2
 575 002e D361     		str	r3, [r2, #28]
 211:Src/tim.c     ****   /* USER CODE BEGIN TIM3_MspDeInit 1 */
 576              		.loc 1 211 5 view .LVU154
 577 0030 1D20     		movs	r0, #29
 578              	.LVL38:
 211:Src/tim.c     ****   /* USER CODE BEGIN TIM3_MspDeInit 1 */
 579              		.loc 1 211 5 is_stmt 0 view .LVU155
 580 0032 FFF7FEFF 		bl	HAL_NVIC_DisableIRQ
 581              	.LVL39:
 582              		.loc 1 216 1 view .LVU156
 583 0036 EBE7     		b	.L39
 584              	.L46:
 585              		.align	2
 586              	.L45:
 587 0038 00040040 		.word	1073742848
 588 003c 00100240 		.word	1073876992
 589              		.cfi_endproc
 590              	.LFE69:
 592              		.global	htim3
 593              		.section	.bss.htim3,"aw",%nobits
 594              		.align	2
 597              	htim3:
 598 0000 00000000 		.space	72
 598      00000000 
 598      00000000 
 598      00000000 
 598      00000000 
 599              		.global	htim2
 600              		.section	.bss.htim2,"aw",%nobits
 601              		.align	2
 604              	htim2:
 605 0000 00000000 		.space	72
 605      00000000 
 605      00000000 
 605      00000000 
 605      00000000 
 606              		.text
ARM GAS  C:\Users\32698\AppData\Local\Temp\cck7QyKr.s 			page 17


 607              	.Letext0:
 608              		.file 2 "Drivers/CMSIS/Device/ST/STM32F1xx/Include/stm32f103xb.h"
 609              		.file 3 "Z:/GUN_ARM/14.3 rel1/arm-none-eabi/include/machine/_default_types.h"
 610              		.file 4 "Z:/GUN_ARM/14.3 rel1/arm-none-eabi/include/sys/_stdint.h"
 611              		.file 5 "Drivers/STM32F1xx_HAL_Driver/Inc/stm32f1xx_hal_def.h"
 612              		.file 6 "Drivers/STM32F1xx_HAL_Driver/Inc/stm32f1xx_hal_gpio.h"
 613              		.file 7 "Drivers/STM32F1xx_HAL_Driver/Inc/stm32f1xx_hal_dma.h"
 614              		.file 8 "Drivers/STM32F1xx_HAL_Driver/Inc/stm32f1xx_hal_tim.h"
 615              		.file 9 "Inc/tim.h"
 616              		.file 10 "Drivers/STM32F1xx_HAL_Driver/Inc/stm32f1xx_hal_cortex.h"
 617              		.file 11 "Drivers/STM32F1xx_HAL_Driver/Inc/stm32f1xx_hal_tim_ex.h"
 618              		.file 12 "Inc/main.h"
ARM GAS  C:\Users\32698\AppData\Local\Temp\cck7QyKr.s 			page 18


DEFINED SYMBOLS
                            *ABS*:00000000 tim.c
C:\Users\32698\AppData\Local\Temp\cck7QyKr.s:19     .text.MX_TIM3_Init:00000000 $t
C:\Users\32698\AppData\Local\Temp\cck7QyKr.s:25     .text.MX_TIM3_Init:00000000 MX_TIM3_Init
C:\Users\32698\AppData\Local\Temp\cck7QyKr.s:135    .text.MX_TIM3_Init:00000068 $d
C:\Users\32698\AppData\Local\Temp\cck7QyKr.s:597    .bss.htim3:00000000 htim3
C:\Users\32698\AppData\Local\Temp\cck7QyKr.s:141    .text.HAL_TIM_Base_MspInit:00000000 $t
C:\Users\32698\AppData\Local\Temp\cck7QyKr.s:147    .text.HAL_TIM_Base_MspInit:00000000 HAL_TIM_Base_MspInit
C:\Users\32698\AppData\Local\Temp\cck7QyKr.s:250    .text.HAL_TIM_Base_MspInit:00000068 $d
C:\Users\32698\AppData\Local\Temp\cck7QyKr.s:256    .text.HAL_TIM_MspPostInit:00000000 $t
C:\Users\32698\AppData\Local\Temp\cck7QyKr.s:262    .text.HAL_TIM_MspPostInit:00000000 HAL_TIM_MspPostInit
C:\Users\32698\AppData\Local\Temp\cck7QyKr.s:342    .text.HAL_TIM_MspPostInit:00000048 $d
C:\Users\32698\AppData\Local\Temp\cck7QyKr.s:347    .text.MX_TIM2_Init:00000000 $t
C:\Users\32698\AppData\Local\Temp\cck7QyKr.s:353    .text.MX_TIM2_Init:00000000 MX_TIM2_Init
C:\Users\32698\AppData\Local\Temp\cck7QyKr.s:516    .text.MX_TIM2_Init:000000a8 $d
C:\Users\32698\AppData\Local\Temp\cck7QyKr.s:604    .bss.htim2:00000000 htim2
C:\Users\32698\AppData\Local\Temp\cck7QyKr.s:521    .text.HAL_TIM_Base_MspDeInit:00000000 $t
C:\Users\32698\AppData\Local\Temp\cck7QyKr.s:527    .text.HAL_TIM_Base_MspDeInit:00000000 HAL_TIM_Base_MspDeInit
C:\Users\32698\AppData\Local\Temp\cck7QyKr.s:587    .text.HAL_TIM_Base_MspDeInit:00000038 $d
C:\Users\32698\AppData\Local\Temp\cck7QyKr.s:594    .bss.htim3:00000000 $d
C:\Users\32698\AppData\Local\Temp\cck7QyKr.s:601    .bss.htim2:00000000 $d

UNDEFINED SYMBOLS
HAL_TIM_Base_Init
HAL_TIM_ConfigClockSource
HAL_TIMEx_MasterConfigSynchronization
Error_Handler
HAL_NVIC_SetPriority
HAL_NVIC_EnableIRQ
HAL_GPIO_Init
HAL_TIM_PWM_Init
HAL_TIM_PWM_ConfigChannel
HAL_NVIC_DisableIRQ
